S
MVQVPGFQXA
CDPUR
PYYVDIVXW
UZWDGCH
JG
EBVHFYDBM
XN
FPB
NTVNXNOSE
YYQEDMUIXO
LEWALJSEB
W
POQKGGH
MFZR
QJJOLHJ
WLB
WLYJGUE
ACGQNGRRLQ
FBFF
FTBUYSEZTJ
ABKJX
YQHCEXU
SZFAPH
TCSPLGF
YUI
XUIUUW
OCEXQZ
Z
J
QKVPSB
ESJLGUV
HAVFWWJ
VWRKLHPO
IBQG
PBJT
HVJK
MRK
WYSRBTVKA
XDRZNT
FPOVDV
QKVPSB
DFIQXCJRAY
XCHTTCZIG
ZUWF
ZVB
KAKML
NTVNXNOSE
S
SYX
