IMPOSSIBLE
IMPOSSIBLE
IMPOSSIBLE
IMPOSSIBLE
IMPOSSIBLE
egijnostvz dhklwmqbu xfyacpr
IMPOSSIBLE
gjkpqrsuwx cthilaemo fnzbdvy
gklnprsvxz acdefhijm otuwybq
IMPOSSIBLE
ciruvxygno mswbehjkz adflpqt
IMPOSSIBLE
IMPOSSIBLE
cdeghijklm nsxfparby zoqtuvw
cfgostuvxy abjwiqklr pzdehmn
IMPOSSIBLE
IMPOSSIBLE
adglrtfoks vjmnpqwxy zbcehiu
efmqcslujw zabdknrtv xyghiop
IMPOSSIBLE
IMPOSSIBLE
abdijlpruy cmnqsfhxz kvegotw
IMPOSSIBLE
abcehinoqv wxydglfjr zkmpstu
kmnoqtucfh ydegjlrsz biapvwx
eglmorvzci fnbqyatwx dhjkpsu
dkoruwafij glbhqstvy cemnpxz
fghjnosvwx dmkrtyaip buzcelq
IMPOSSIBLE
acdghkmnwx jbfiloprs qtuvzey
IMPOSSIBLE
cdefghilps zbjnqorkt mwaxuvy
cijqstalmn werfxbdpv yghkouz
IMPOSSIBLE
cdkmnpqrsx zbjfteilo aghuvwy
abjpqsfihl vgrotcduw ymzeknx
IMPOSSIBLE
IMPOSSIBLE
cefghjkoqw bdilrtuvy mszanpx
cghklpsuvw adijmnqry beotfxz
dghikntwyz befopamjr clqsuvx
eginubrpvy cdfhjlqsw mtakoxz
IMPOSSIBLE
befghjkrsu vzlwanqtx impcdoy
IMPOSSIBLE
IMPOSSIBLE
IMPOSSIBLE
IMPOSSIBLE
IMPOSSIBLE
efiklqtwxy zdmacjnpv rubghos
IMPOSSIBLE
bcfiuwhmnp aejortvxy dgklqsz
IMPOSSIBLE
cdehlnoqvw bktxyzgrs ijapfmu
IMPOSSIBLE
adfiostuyz cegkmnprw blqvxhj
IMPOSSIBLE
dkoruwafij glbhqstvy cemnpxz
IMPOSSIBLE
IMPOSSIBLE
bdfhkmsuwx cjpgioqtz aelnrvy
IMPOSSIBLE
IMPOSSIBLE
fghlprwinv asxdjkoqt buezcmy
IMPOSSIBLE
abghlpuwkm cijnoqsvy frdetxz
abcehinoqv wxydglfjr zkmpstu
acdgiqyzhl mwopterux bfjknsv
IMPOSSIBLE
guwchtxjkz demnoqrvy abfilps
IMPOSSIBLE
IMPOSSIBLE
IMPOSSIBLE
IMPOSSIBLE
IMPOSSIBLE
IMPOSSIBLE
IMPOSSIBLE
IMPOSSIBLE
ghnrwaempx cjlqfikuy bdostvz
cdhjkntvwz efluxopbq yisagmr
IMPOSSIBLE
IMPOSSIBLE
bchlmajfgs yinoqrtvw ekudpxz
IMPOSSIBLE
IMPOSSIBLE
bdefiorgvw xachknqsy ltjmpuz
dehjkpsvwx fmlnoyagi bqzcrtu
IMPOSSIBLE
cdeghjlsuv bfikmpqtx ynrawoz
IMPOSSIBLE
IMPOSSIBLE
IMPOSSIBLE
aceijklmop vwxqshtru fnzbdgy
IMPOSSIBLE
IMPOSSIBLE
IMPOSSIBLE
abcgmrstyz defhkqxnp ijlouvw
cdfjnrtegv ikoxabhpq uwylmsz
IMPOSSIBLE
IMPOSSIBLE
